<?xml version="1.0"?>
<link_info>
   <banner>TMS320C6x Linker PC v8.2.2</banner>
   <copyright>Copyright (c) 1996-2017 Texas Instruments Incorporated</copyright>
   <link_time>0x5aba4b96</link_time>
   <link_errors>0x0</link_errors>
   <output_file>PD.out</output_file>
   <entry_point>
      <name>_c_int00</name>
      <address>0x11836ac0</address>
   </entry_point>
   <input_file_list>
      <input_file id="fl-2">
         <path>.\</path>
         <kind>object</kind>
         <file>functions.obj</file>
         <name>functions.obj</name>
      </input_file>
      <input_file id="fl-3">
         <path>.\</path>
         <kind>object</kind>
         <file>main.obj</file>
         <name>main.obj</name>
      </input_file>
      <input_file id="fl-7">
         <kind>object</kind>
         <file>&lt;internal&gt;</file>
         <name>&lt;internal&gt;</name>
      </input_file>
      <input_file id="fl-21">
         <path>E:\software packs\CCS7.4.0.00015_win32\ti-cgt-c6000_8.2.2\lib\</path>
         <kind>archive</kind>
         <file>rts6740_elf.lib</file>
         <name>boot.obj</name>
      </input_file>
      <input_file id="fl-22">
         <path>E:\software packs\CCS7.4.0.00015_win32\ti-cgt-c6000_8.2.2\lib\</path>
         <kind>archive</kind>
         <file>rts6740_elf.lib</file>
         <name>copy_decompress_none.obj</name>
      </input_file>
      <input_file id="fl-23">
         <path>E:\software packs\CCS7.4.0.00015_win32\ti-cgt-c6000_8.2.2\lib\</path>
         <kind>archive</kind>
         <file>rts6740_elf.lib</file>
         <name>copy_decompress_rle.obj</name>
      </input_file>
      <input_file id="fl-24">
         <path>E:\software packs\CCS7.4.0.00015_win32\ti-cgt-c6000_8.2.2\lib\</path>
         <kind>archive</kind>
         <file>rts6740_elf.lib</file>
         <name>copy_zero_init.obj</name>
      </input_file>
      <input_file id="fl-25">
         <path>E:\software packs\CCS7.4.0.00015_win32\ti-cgt-c6000_8.2.2\lib\</path>
         <kind>archive</kind>
         <file>rts6740_elf.lib</file>
         <name>exit.obj</name>
      </input_file>
      <input_file id="fl-26">
         <path>E:\software packs\CCS7.4.0.00015_win32\ti-cgt-c6000_8.2.2\lib\</path>
         <kind>archive</kind>
         <file>rts6740_elf.lib</file>
         <name>fclose.obj</name>
      </input_file>
      <input_file id="fl-27">
         <path>E:\software packs\CCS7.4.0.00015_win32\ti-cgt-c6000_8.2.2\lib\</path>
         <kind>archive</kind>
         <file>rts6740_elf.lib</file>
         <name>fflush.obj</name>
      </input_file>
      <input_file id="fl-28">
         <path>E:\software packs\CCS7.4.0.00015_win32\ti-cgt-c6000_8.2.2\lib\</path>
         <kind>archive</kind>
         <file>rts6740_elf.lib</file>
         <name>fopen.obj</name>
      </input_file>
      <input_file id="fl-29">
         <path>E:\software packs\CCS7.4.0.00015_win32\ti-cgt-c6000_8.2.2\lib\</path>
         <kind>archive</kind>
         <file>rts6740_elf.lib</file>
         <name>fread.obj</name>
      </input_file>
      <input_file id="fl-2a">
         <path>E:\software packs\CCS7.4.0.00015_win32\ti-cgt-c6000_8.2.2\lib\</path>
         <kind>archive</kind>
         <file>rts6740_elf.lib</file>
         <name>fwrite.obj</name>
      </input_file>
      <input_file id="fl-2b">
         <path>E:\software packs\CCS7.4.0.00015_win32\ti-cgt-c6000_8.2.2\lib\</path>
         <kind>archive</kind>
         <file>rts6740_elf.lib</file>
         <name>memcpy64.obj</name>
      </input_file>
      <input_file id="fl-2c">
         <path>E:\software packs\CCS7.4.0.00015_win32\ti-cgt-c6000_8.2.2\lib\</path>
         <kind>archive</kind>
         <file>rts6740_elf.lib</file>
         <name>memory.obj</name>
      </input_file>
      <input_file id="fl-2d">
         <path>E:\software packs\CCS7.4.0.00015_win32\ti-cgt-c6000_8.2.2\lib\</path>
         <kind>archive</kind>
         <file>rts6740_elf.lib</file>
         <name>memset.obj</name>
      </input_file>
      <input_file id="fl-2e">
         <path>E:\software packs\CCS7.4.0.00015_win32\ti-cgt-c6000_8.2.2\lib\</path>
         <kind>archive</kind>
         <file>rts6740_elf.lib</file>
         <name>open.obj</name>
      </input_file>
      <input_file id="fl-2f">
         <path>E:\software packs\CCS7.4.0.00015_win32\ti-cgt-c6000_8.2.2\lib\</path>
         <kind>archive</kind>
         <file>rts6740_elf.lib</file>
         <name>pre_init.obj</name>
      </input_file>
      <input_file id="fl-30">
         <path>E:\software packs\CCS7.4.0.00015_win32\ti-cgt-c6000_8.2.2\lib\</path>
         <kind>archive</kind>
         <file>rts6740_elf.lib</file>
         <name>printf.obj</name>
      </input_file>
      <input_file id="fl-31">
         <path>E:\software packs\CCS7.4.0.00015_win32\ti-cgt-c6000_8.2.2\lib\</path>
         <kind>archive</kind>
         <file>rts6740_elf.lib</file>
         <name>read.obj</name>
      </input_file>
      <input_file id="fl-32">
         <path>E:\software packs\CCS7.4.0.00015_win32\ti-cgt-c6000_8.2.2\lib\</path>
         <kind>archive</kind>
         <file>rts6740_elf.lib</file>
         <name>remove.obj</name>
      </input_file>
      <input_file id="fl-33">
         <path>E:\software packs\CCS7.4.0.00015_win32\ti-cgt-c6000_8.2.2\lib\</path>
         <kind>archive</kind>
         <file>rts6740_elf.lib</file>
         <name>unlink.obj</name>
      </input_file>
      <input_file id="fl-34">
         <path>E:\software packs\CCS7.4.0.00015_win32\ti-cgt-c6000_8.2.2\lib\</path>
         <kind>archive</kind>
         <file>rts6740_elf.lib</file>
         <name>write.obj</name>
      </input_file>
      <input_file id="fl-35">
         <path>E:\software packs\CCS7.4.0.00015_win32\ti-cgt-c6000_8.2.2\lib\</path>
         <kind>archive</kind>
         <file>rts6740_elf.lib</file>
         <name>_bufread.obj</name>
      </input_file>
      <input_file id="fl-36">
         <path>E:\software packs\CCS7.4.0.00015_win32\ti-cgt-c6000_8.2.2\lib\</path>
         <kind>archive</kind>
         <file>rts6740_elf.lib</file>
         <name>_io_perm.obj</name>
      </input_file>
      <input_file id="fl-37">
         <path>E:\software packs\CCS7.4.0.00015_win32\ti-cgt-c6000_8.2.2\lib\</path>
         <kind>archive</kind>
         <file>rts6740_elf.lib</file>
         <name>_lock.obj</name>
      </input_file>
      <input_file id="fl-38">
         <path>E:\software packs\CCS7.4.0.00015_win32\ti-cgt-c6000_8.2.2\lib\</path>
         <kind>archive</kind>
         <file>rts6740_elf.lib</file>
         <name>_printfi.obj</name>
      </input_file>
      <input_file id="fl-39">
         <path>E:\software packs\CCS7.4.0.00015_win32\ti-cgt-c6000_8.2.2\lib\</path>
         <kind>archive</kind>
         <file>rts6740_elf.lib</file>
         <name>args_main.obj</name>
      </input_file>
      <input_file id="fl-3a">
         <path>E:\software packs\CCS7.4.0.00015_win32\ti-cgt-c6000_8.2.2\lib\</path>
         <kind>archive</kind>
         <file>rts6740_elf.lib</file>
         <name>atoi.obj</name>
      </input_file>
      <input_file id="fl-3b">
         <path>E:\software packs\CCS7.4.0.00015_win32\ti-cgt-c6000_8.2.2\lib\</path>
         <kind>archive</kind>
         <file>rts6740_elf.lib</file>
         <name>autoinit.obj</name>
      </input_file>
      <input_file id="fl-3c">
         <path>E:\software packs\CCS7.4.0.00015_win32\ti-cgt-c6000_8.2.2\lib\</path>
         <kind>archive</kind>
         <file>rts6740_elf.lib</file>
         <name>close.obj</name>
      </input_file>
      <input_file id="fl-3d">
         <path>E:\software packs\CCS7.4.0.00015_win32\ti-cgt-c6000_8.2.2\lib\</path>
         <kind>archive</kind>
         <file>rts6740_elf.lib</file>
         <name>cpy_tbl.obj</name>
      </input_file>
      <input_file id="fl-3e">
         <path>E:\software packs\CCS7.4.0.00015_win32\ti-cgt-c6000_8.2.2\lib\</path>
         <kind>archive</kind>
         <file>rts6740_elf.lib</file>
         <name>ctype.obj</name>
      </input_file>
      <input_file id="fl-3f">
         <path>E:\software packs\CCS7.4.0.00015_win32\ti-cgt-c6000_8.2.2\lib\</path>
         <kind>archive</kind>
         <file>rts6740_elf.lib</file>
         <name>defs.obj</name>
      </input_file>
      <input_file id="fl-40">
         <path>E:\software packs\CCS7.4.0.00015_win32\ti-cgt-c6000_8.2.2\lib\</path>
         <kind>archive</kind>
         <file>rts6740_elf.lib</file>
         <name>divd.obj</name>
      </input_file>
      <input_file id="fl-41">
         <path>E:\software packs\CCS7.4.0.00015_win32\ti-cgt-c6000_8.2.2\lib\</path>
         <kind>archive</kind>
         <file>rts6740_elf.lib</file>
         <name>divu.obj</name>
      </input_file>
      <input_file id="fl-42">
         <path>E:\software packs\CCS7.4.0.00015_win32\ti-cgt-c6000_8.2.2\lib\</path>
         <kind>archive</kind>
         <file>rts6740_elf.lib</file>
         <name>fputc.obj</name>
      </input_file>
      <input_file id="fl-43">
         <path>E:\software packs\CCS7.4.0.00015_win32\ti-cgt-c6000_8.2.2\lib\</path>
         <kind>archive</kind>
         <file>rts6740_elf.lib</file>
         <name>fputs.obj</name>
      </input_file>
      <input_file id="fl-44">
         <path>E:\software packs\CCS7.4.0.00015_win32\ti-cgt-c6000_8.2.2\lib\</path>
         <kind>archive</kind>
         <file>rts6740_elf.lib</file>
         <name>frcmpyd_div.obj</name>
      </input_file>
      <input_file id="fl-45">
         <path>E:\software packs\CCS7.4.0.00015_win32\ti-cgt-c6000_8.2.2\lib\</path>
         <kind>archive</kind>
         <file>rts6740_elf.lib</file>
         <name>frexp.obj</name>
      </input_file>
      <input_file id="fl-46">
         <path>E:\software packs\CCS7.4.0.00015_win32\ti-cgt-c6000_8.2.2\lib\</path>
         <kind>archive</kind>
         <file>rts6740_elf.lib</file>
         <name>fseek.obj</name>
      </input_file>
      <input_file id="fl-47">
         <path>E:\software packs\CCS7.4.0.00015_win32\ti-cgt-c6000_8.2.2\lib\</path>
         <kind>archive</kind>
         <file>rts6740_elf.lib</file>
         <name>getdevice.obj</name>
      </input_file>
      <input_file id="fl-48">
         <path>E:\software packs\CCS7.4.0.00015_win32\ti-cgt-c6000_8.2.2\lib\</path>
         <kind>archive</kind>
         <file>rts6740_elf.lib</file>
         <name>hostclose.obj</name>
      </input_file>
      <input_file id="fl-49">
         <path>E:\software packs\CCS7.4.0.00015_win32\ti-cgt-c6000_8.2.2\lib\</path>
         <kind>archive</kind>
         <file>rts6740_elf.lib</file>
         <name>hostlseek.obj</name>
      </input_file>
      <input_file id="fl-4a">
         <path>E:\software packs\CCS7.4.0.00015_win32\ti-cgt-c6000_8.2.2\lib\</path>
         <kind>archive</kind>
         <file>rts6740_elf.lib</file>
         <name>hostopen.obj</name>
      </input_file>
      <input_file id="fl-4b">
         <path>E:\software packs\CCS7.4.0.00015_win32\ti-cgt-c6000_8.2.2\lib\</path>
         <kind>archive</kind>
         <file>rts6740_elf.lib</file>
         <name>hostread.obj</name>
      </input_file>
      <input_file id="fl-4c">
         <path>E:\software packs\CCS7.4.0.00015_win32\ti-cgt-c6000_8.2.2\lib\</path>
         <kind>archive</kind>
         <file>rts6740_elf.lib</file>
         <name>hostrename.obj</name>
      </input_file>
      <input_file id="fl-4d">
         <path>E:\software packs\CCS7.4.0.00015_win32\ti-cgt-c6000_8.2.2\lib\</path>
         <kind>archive</kind>
         <file>rts6740_elf.lib</file>
         <name>hostunlink.obj</name>
      </input_file>
      <input_file id="fl-4e">
         <path>E:\software packs\CCS7.4.0.00015_win32\ti-cgt-c6000_8.2.2\lib\</path>
         <kind>archive</kind>
         <file>rts6740_elf.lib</file>
         <name>hostwrite.obj</name>
      </input_file>
      <input_file id="fl-4f">
         <path>E:\software packs\CCS7.4.0.00015_win32\ti-cgt-c6000_8.2.2\lib\</path>
         <kind>archive</kind>
         <file>rts6740_elf.lib</file>
         <name>imath40.obj</name>
      </input_file>
      <input_file id="fl-50">
         <path>E:\software packs\CCS7.4.0.00015_win32\ti-cgt-c6000_8.2.2\lib\</path>
         <kind>archive</kind>
         <file>rts6740_elf.lib</file>
         <name>imath64.obj</name>
      </input_file>
      <input_file id="fl-51">
         <path>E:\software packs\CCS7.4.0.00015_win32\ti-cgt-c6000_8.2.2\lib\</path>
         <kind>archive</kind>
         <file>rts6740_elf.lib</file>
         <name>isinf.obj</name>
      </input_file>
      <input_file id="fl-52">
         <path>E:\software packs\CCS7.4.0.00015_win32\ti-cgt-c6000_8.2.2\lib\</path>
         <kind>archive</kind>
         <file>rts6740_elf.lib</file>
         <name>ldexp.obj</name>
      </input_file>
      <input_file id="fl-53">
         <path>E:\software packs\CCS7.4.0.00015_win32\ti-cgt-c6000_8.2.2\lib\</path>
         <kind>archive</kind>
         <file>rts6740_elf.lib</file>
         <name>llabs.obj</name>
      </input_file>
      <input_file id="fl-54">
         <path>E:\software packs\CCS7.4.0.00015_win32\ti-cgt-c6000_8.2.2\lib\</path>
         <kind>archive</kind>
         <file>rts6740_elf.lib</file>
         <name>llshift.obj</name>
      </input_file>
      <input_file id="fl-55">
         <path>E:\software packs\CCS7.4.0.00015_win32\ti-cgt-c6000_8.2.2\lib\</path>
         <kind>archive</kind>
         <file>rts6740_elf.lib</file>
         <name>lseek.obj</name>
      </input_file>
      <input_file id="fl-56">
         <path>E:\software packs\CCS7.4.0.00015_win32\ti-cgt-c6000_8.2.2\lib\</path>
         <kind>archive</kind>
         <file>rts6740_elf.lib</file>
         <name>ltoa.obj</name>
      </input_file>
      <input_file id="fl-57">
         <path>E:\software packs\CCS7.4.0.00015_win32\ti-cgt-c6000_8.2.2\lib\</path>
         <kind>archive</kind>
         <file>rts6740_elf.lib</file>
         <name>memccpy.obj</name>
      </input_file>
      <input_file id="fl-58">
         <path>E:\software packs\CCS7.4.0.00015_win32\ti-cgt-c6000_8.2.2\lib\</path>
         <kind>archive</kind>
         <file>rts6740_elf.lib</file>
         <name>setvbuf.obj</name>
      </input_file>
      <input_file id="fl-59">
         <path>E:\software packs\CCS7.4.0.00015_win32\ti-cgt-c6000_8.2.2\lib\</path>
         <kind>archive</kind>
         <file>rts6740_elf.lib</file>
         <name>startup.obj</name>
      </input_file>
      <input_file id="fl-5a">
         <path>E:\software packs\CCS7.4.0.00015_win32\ti-cgt-c6000_8.2.2\lib\</path>
         <kind>archive</kind>
         <file>rts6740_elf.lib</file>
         <name>tls.obj</name>
      </input_file>
      <input_file id="fl-5b">
         <path>E:\software packs\CCS7.4.0.00015_win32\ti-cgt-c6000_8.2.2\lib\</path>
         <kind>archive</kind>
         <file>rts6740_elf.lib</file>
         <name>tls_get_tp.obj</name>
      </input_file>
      <input_file id="fl-5c">
         <path>E:\software packs\CCS7.4.0.00015_win32\ti-cgt-c6000_8.2.2\lib\</path>
         <kind>archive</kind>
         <file>rts6740_elf.lib</file>
         <name>trgmsg.obj</name>
      </input_file>
      <input_file id="fl-5d">
         <path>E:\software packs\CCS7.4.0.00015_win32\ti-cgt-c6000_8.2.2\lib\</path>
         <kind>archive</kind>
         <file>rts6740_elf.lib</file>
         <name>errno.obj</name>
      </input_file>
   </input_file_list>
   <object_component_list>
      <object_component id="oc-17a">
         <name>.text:__TI_printfi</name>
         <load_address>0x1182e000</load_address>
         <run_address>0x1182e000</run_address>
         <size>0x1ce0</size>
         <input_file_ref idref="fl-38"/>
      </object_component>
      <object_component id="oc-e2">
         <name>.text</name>
         <load_address>0x1182fce0</load_address>
         <run_address>0x1182fce0</run_address>
         <size>0x1140</size>
         <input_file_ref idref="fl-2"/>
      </object_component>
      <object_component id="oc-229">
         <name>.text:_pconv_a</name>
         <load_address>0x11830e20</load_address>
         <run_address>0x11830e20</run_address>
         <size>0x680</size>
         <input_file_ref idref="fl-38"/>
      </object_component>
      <object_component id="oc-2b5">
         <name>.text:__c6xabi_divd</name>
         <load_address>0x118314a0</load_address>
         <run_address>0x118314a0</run_address>
         <size>0x5c0</size>
         <input_file_ref idref="fl-40"/>
      </object_component>
      <object_component id="oc-217">
         <name>.text:_pconv_g</name>
         <load_address>0x11831a60</load_address>
         <run_address>0x11831a60</run_address>
         <size>0x500</size>
         <input_file_ref idref="fl-38"/>
      </object_component>
      <object_component id="oc-e8">
         <name>.text:fwrite</name>
         <load_address>0x11831f60</load_address>
         <run_address>0x11831f60</run_address>
         <size>0x4e0</size>
         <input_file_ref idref="fl-2a"/>
      </object_component>
      <object_component id="oc-24f">
         <name>.text:free</name>
         <load_address>0x11832440</load_address>
         <run_address>0x11832440</run_address>
         <size>0x440</size>
         <input_file_ref idref="fl-2c"/>
      </object_component>
      <object_component id="oc-223">
         <name>.text:_pconv_e</name>
         <load_address>0x11832880</load_address>
         <run_address>0x11832880</run_address>
         <size>0x420</size>
         <input_file_ref idref="fl-38"/>
      </object_component>
      <object_component id="oc-1f8">
         <name>.text:fputs</name>
         <load_address>0x11832ca0</load_address>
         <run_address>0x11832ca0</run_address>
         <size>0x3e0</size>
         <input_file_ref idref="fl-43"/>
      </object_component>
      <object_component id="oc-21d">
         <name>.text:_pconv_f</name>
         <load_address>0x11833080</load_address>
         <run_address>0x11833080</run_address>
         <size>0x2a0</size>
         <input_file_ref idref="fl-38"/>
      </object_component>
      <object_component id="oc-2c8">
         <name>.text:fcvt</name>
         <load_address>0x11833320</load_address>
         <run_address>0x11833320</run_address>
         <size>0x2a0</size>
         <input_file_ref idref="fl-38"/>
      </object_component>
      <object_component id="oc-dc">
         <name>.text:fread</name>
         <load_address>0x118335c0</load_address>
         <run_address>0x118335c0</run_address>
         <size>0x2a0</size>
         <input_file_ref idref="fl-29"/>
      </object_component>
      <object_component id="oc-2a7">
         <name>.text:__c6xabi_divull</name>
         <load_address>0x11833860</load_address>
         <run_address>0x11833860</run_address>
         <size>0x260</size>
         <input_file_ref idref="fl-50"/>
      </object_component>
      <object_component id="oc-1f1">
         <name>.text:fputc</name>
         <load_address>0x11833ac0</load_address>
         <run_address>0x11833ac0</run_address>
         <size>0x220</size>
         <input_file_ref idref="fl-42"/>
      </object_component>
      <object_component id="oc-1b9">
         <name>.text:open</name>
         <load_address>0x11833ce0</load_address>
         <run_address>0x11833ce0</run_address>
         <size>0x220</size>
         <input_file_ref idref="fl-2e"/>
      </object_component>
      <object_component id="oc-1c7">
         <name>.text:setvbuf</name>
         <load_address>0x11833f00</load_address>
         <run_address>0x11833f00</run_address>
         <size>0x220</size>
         <input_file_ref idref="fl-58"/>
      </object_component>
      <object_component id="oc-20b">
         <name>.text:_ltostr</name>
         <load_address>0x11834120</load_address>
         <run_address>0x11834120</run_address>
         <size>0x200</size>
         <input_file_ref idref="fl-38"/>
      </object_component>
      <object_component id="oc-12c">
         <name>.text:_openfile</name>
         <load_address>0x11834320</load_address>
         <run_address>0x11834320</run_address>
         <size>0x1e0</size>
         <input_file_ref idref="fl-28"/>
      </object_component>
      <object_component id="oc-2ad">
         <name>.text:__c6xabi_divul</name>
         <load_address>0x11834500</load_address>
         <run_address>0x11834500</run_address>
         <size>0x1c0</size>
         <input_file_ref idref="fl-4f"/>
      </object_component>
      <object_component id="oc-2d0">
         <name>.text:frexp</name>
         <load_address>0x118346c0</load_address>
         <run_address>0x118346c0</run_address>
         <size>0x1c0</size>
         <input_file_ref idref="fl-45"/>
      </object_component>
      <object_component id="oc-331">
         <name>.text:HOSTrename</name>
         <load_address>0x11834880</load_address>
         <run_address>0x11834880</run_address>
         <size>0x1a0</size>
         <input_file_ref idref="fl-4c"/>
      </object_component>
      <object_component id="oc-2d6">
         <name>.text:ldexp</name>
         <load_address>0x11834a20</load_address>
         <run_address>0x11834a20</run_address>
         <size>0x180</size>
         <input_file_ref idref="fl-52"/>
      </object_component>
      <object_component id="oc-274">
         <name>.text:malloc</name>
         <load_address>0x11834ba0</load_address>
         <run_address>0x11834ba0</run_address>
         <size>0x180</size>
         <input_file_ref idref="fl-2c"/>
      </object_component>
      <object_component id="oc-6c">
         <name>.text:_auto_init_elf</name>
         <load_address>0x11834d20</load_address>
         <run_address>0x11834d20</run_address>
         <size>0x160</size>
         <input_file_ref idref="fl-3b"/>
      </object_component>
      <object_component id="oc-13a">
         <name>.text:__TI_buff_read</name>
         <load_address>0x11834e80</load_address>
         <run_address>0x11834e80</run_address>
         <size>0x140</size>
         <input_file_ref idref="fl-35"/>
      </object_component>
      <object_component id="oc-182">
         <name>.text:__TI_closefile</name>
         <load_address>0x11834fc0</load_address>
         <run_address>0x11834fc0</run_address>
         <size>0x140</size>
         <input_file_ref idref="fl-26"/>
      </object_component>
      <object_component id="oc-d6">
         <name>.text:fopen</name>
         <load_address>0x11835100</load_address>
         <run_address>0x11835100</run_address>
         <size>0x140</size>
         <input_file_ref idref="fl-28"/>
      </object_component>
      <object_component id="oc-26c">
         <name>.text:getdevice</name>
         <load_address>0x11835240</load_address>
         <run_address>0x11835240</run_address>
         <size>0x140</size>
         <input_file_ref idref="fl-47"/>
      </object_component>
      <object_component id="oc-1e4">
         <name>.text:fseek</name>
         <load_address>0x11835380</load_address>
         <run_address>0x11835380</run_address>
         <size>0x120</size>
         <input_file_ref idref="fl-46"/>
      </object_component>
      <object_component id="oc-95">
         <name>.text</name>
         <load_address>0x118354a0</load_address>
         <run_address>0x118354a0</run_address>
         <size>0x120</size>
         <input_file_ref idref="fl-3"/>
      </object_component>
      <object_component id="oc-42">
         <name>.text:__TI_decompress_rle_core</name>
         <load_address>0x118355c0</load_address>
         <run_address>0x118355c0</run_address>
         <size>0x100</size>
         <input_file_ref idref="fl-23"/>
      </object_component>
      <object_component id="oc-155">
         <name>.text:__TI_wrt_ok</name>
         <load_address>0x118356c0</load_address>
         <run_address>0x118356c0</run_address>
         <size>0x100</size>
         <input_file_ref idref="fl-36"/>
      </object_component>
      <object_component id="oc-1ff">
         <name>.text:atoi</name>
         <load_address>0x118357c0</load_address>
         <run_address>0x118357c0</run_address>
         <size>0x100</size>
         <input_file_ref idref="fl-3a"/>
      </object_component>
      <object_component id="oc-a9">
         <name>.text:copy_in</name>
         <load_address>0x118358c0</load_address>
         <run_address>0x118358c0</run_address>
         <size>0x100</size>
         <input_file_ref idref="fl-3d"/>
      </object_component>
      <object_component id="oc-325">
         <name>.text:HOSTlseek</name>
         <load_address>0x118359c0</load_address>
         <run_address>0x118359c0</run_address>
         <size>0xe0</size>
         <input_file_ref idref="fl-49"/>
      </object_component>
      <object_component id="oc-30d">
         <name>.text:HOSTopen</name>
         <load_address>0x11835aa0</load_address>
         <run_address>0x11835aa0</run_address>
         <size>0xe0</size>
         <input_file_ref idref="fl-4a"/>
      </object_component>
      <object_component id="oc-31f">
         <name>.text:HOSTwrite</name>
         <load_address>0x11835b80</load_address>
         <run_address>0x11835b80</run_address>
         <size>0xe0</size>
         <input_file_ref idref="fl-4e"/>
      </object_component>
      <object_component id="oc-255">
         <name>.text:close</name>
         <load_address>0x11835c60</load_address>
         <run_address>0x11835c60</run_address>
         <size>0xe0</size>
         <input_file_ref idref="fl-3c"/>
      </object_component>
      <object_component id="oc-60">
         <name>.text:exit</name>
         <load_address>0x11835d40</load_address>
         <run_address>0x11835d40</run_address>
         <size>0xe0</size>
         <input_file_ref idref="fl-25"/>
      </object_component>
      <object_component id="oc-2bb">
         <name>.text:ltoa</name>
         <load_address>0x11835e20</load_address>
         <run_address>0x11835e20</run_address>
         <size>0xe0</size>
         <input_file_ref idref="fl-56"/>
      </object_component>
      <object_component id="oc-4e">
         <name>.text:memset</name>
         <load_address>0x11835f00</load_address>
         <run_address>0x11835f00</run_address>
         <size>0xe0</size>
         <input_file_ref idref="fl-2d"/>
      </object_component>
      <object_component id="oc-ee">
         <name>.text:printf</name>
         <load_address>0x11835fe0</load_address>
         <run_address>0x11835fe0</run_address>
         <size>0xe0</size>
         <input_file_ref idref="fl-30"/>
      </object_component>
      <object_component id="oc-319">
         <name>.text:HOSTread</name>
         <load_address>0x118360c0</load_address>
         <run_address>0x118360c0</run_address>
         <size>0xc0</size>
         <input_file_ref idref="fl-4b"/>
      </object_component>
      <object_component id="oc-32b">
         <name>.text:HOSTunlink</name>
         <load_address>0x11836180</load_address>
         <run_address>0x11836180</run_address>
         <size>0xc0</size>
         <input_file_ref idref="fl-4d"/>
      </object_component>
      <object_component id="oc-15b">
         <name>.text:__TI_doflush</name>
         <load_address>0x11836240</load_address>
         <run_address>0x11836240</run_address>
         <size>0xc0</size>
         <input_file_ref idref="fl-27"/>
      </object_component>
      <object_component id="oc-140">
         <name>.text:__divu</name>
         <load_address>0x11836300</load_address>
         <run_address>0x11836300</run_address>
         <size>0xc0</size>
         <input_file_ref idref="fl-41"/>
      </object_component>
      <object_component id="oc-2c1">
         <name>.text:_ecpy</name>
         <load_address>0x118363c0</load_address>
         <run_address>0x118363c0</run_address>
         <size>0xc0</size>
         <input_file_ref idref="fl-38"/>
      </object_component>
      <object_component id="oc-2ef">
         <name>.text:mremove</name>
         <load_address>0x11836480</load_address>
         <run_address>0x11836480</run_address>
         <size>0xc0</size>
         <input_file_ref idref="fl-2c"/>
      </object_component>
      <object_component id="oc-b5">
         <name>.text:tls:init:__TI_tls_init</name>
         <load_address>0x11836540</load_address>
         <run_address>0x11836540</run_address>
         <size>0xc0</size>
         <input_file_ref idref="fl-5a"/>
      </object_component>
      <object_component id="oc-313">
         <name>.text:HOSTclose</name>
         <load_address>0x11836600</load_address>
         <run_address>0x11836600</run_address>
         <size>0xa0</size>
         <input_file_ref idref="fl-48"/>
      </object_component>
      <object_component id="oc-1b3">
         <name>.text:__TI_cleanup</name>
         <load_address>0x118366a0</load_address>
         <run_address>0x118366a0</run_address>
         <size>0xa0</size>
         <input_file_ref idref="fl-28"/>
      </object_component>
      <object_component id="oc-134">
         <name>.text:__TI_rd_ok</name>
         <load_address>0x11836740</load_address>
         <run_address>0x11836740</run_address>
         <size>0xa0</size>
         <input_file_ref idref="fl-36"/>
      </object_component>
      <object_component id="oc-304">
         <name>.text:_minit</name>
         <load_address>0x118367e0</load_address>
         <run_address>0x118367e0</run_address>
         <size>0xa0</size>
         <input_file_ref idref="fl-2c"/>
      </object_component>
      <object_component id="oc-36">
         <name>.text:memcpy</name>
         <load_address>0x11836880</load_address>
         <run_address>0x11836880</run_address>
         <size>0xa0</size>
         <input_file_ref idref="fl-2b"/>
      </object_component>
      <object_component id="oc-2e9">
         <name>.text:minsert</name>
         <load_address>0x11836920</load_address>
         <run_address>0x11836920</run_address>
         <size>0xa0</size>
         <input_file_ref idref="fl-2c"/>
      </object_component>
      <object_component id="oc-397">
         <name>.text:__TI_readmsg</name>
         <load_address>0x118369c0</load_address>
         <run_address>0x118369c0</run_address>
         <size>0x80</size>
         <input_file_ref idref="fl-5c"/>
      </object_component>
      <object_component id="oc-346">
         <name>.text:__c6xabi_llshl</name>
         <load_address>0x11836a40</load_address>
         <run_address>0x11836a40</run_address>
         <size>0x80</size>
         <input_file_ref idref="fl-54"/>
      </object_component>
      <object_component id="oc-2a">
         <name>.text:_c_int00</name>
         <load_address>0x11836ac0</load_address>
         <run_address>0x11836ac0</run_address>
         <size>0x80</size>
         <input_file_ref idref="fl-21"/>
      </object_component>
      <object_component id="oc-f4">
         <name>.text:fclose</name>
         <load_address>0x11836b40</load_address>
         <run_address>0x11836b40</run_address>
         <size>0x80</size>
         <input_file_ref idref="fl-26"/>
      </object_component>
      <object_component id="oc-2fa">
         <name>.text:finddevice</name>
         <load_address>0x11836bc0</load_address>
         <run_address>0x11836bc0</run_address>
         <size>0x80</size>
         <input_file_ref idref="fl-47"/>
      </object_component>
      <object_component id="oc-25b">
         <name>.text:unlink</name>
         <load_address>0x11836c40</load_address>
         <run_address>0x11836c40</run_address>
         <size>0x80</size>
         <input_file_ref idref="fl-33"/>
      </object_component>
      <object_component id="oc-391">
         <name>.text:__TI_writemsg</name>
         <load_address>0x11836cc0</load_address>
         <run_address>0x11836cc0</run_address>
         <size>0x60</size>
         <input_file_ref idref="fl-5c"/>
      </object_component>
      <object_component id="oc-352">
         <name>.text:__c6xabi_llshru</name>
         <load_address>0x11836d20</load_address>
         <run_address>0x11836d20</run_address>
         <size>0x60</size>
         <input_file_ref idref="fl-54"/>
      </object_component>
      <object_component id="oc-34c">
         <name>.text:_subcull</name>
         <load_address>0x11836d80</load_address>
         <run_address>0x11836d80</run_address>
         <size>0x60</size>
         <input_file_ref idref="fl-50"/>
      </object_component>
      <object_component id="oc-291">
         <name>.text:lseek</name>
         <load_address>0x11836de0</load_address>
         <run_address>0x11836de0</run_address>
         <size>0x60</size>
         <input_file_ref idref="fl-55"/>
      </object_component>
      <object_component id="oc-22f">
         <name>.text:memccpy</name>
         <load_address>0x11836e40</load_address>
         <run_address>0x11836e40</run_address>
         <size>0x60</size>
         <input_file_ref idref="fl-57"/>
      </object_component>
      <object_component id="oc-145">
         <name>.text:read</name>
         <load_address>0x11836ea0</load_address>
         <run_address>0x11836ea0</run_address>
         <size>0x60</size>
         <input_file_ref idref="fl-31"/>
      </object_component>
      <object_component id="oc-161">
         <name>.text:write</name>
         <load_address>0x11836f00</load_address>
         <run_address>0x11836f00</run_address>
         <size>0x60</size>
         <input_file_ref idref="fl-34"/>
      </object_component>
      <object_component id="oc-35c">
         <name>.text:__TI_frcmpyd_div</name>
         <load_address>0x11836f60</load_address>
         <run_address>0x11836f60</run_address>
         <size>0x40</size>
         <input_file_ref idref="fl-44"/>
      </object_component>
      <object_component id="oc-211">
         <name>.text:__c6xabi_isinf</name>
         <load_address>0x11836fa0</load_address>
         <run_address>0x11836fa0</run_address>
         <size>0x40</size>
         <input_file_ref idref="fl-51"/>
      </object_component>
      <object_component id="oc-205">
         <name>.text:__c6xabi_isnan</name>
         <load_address>0x11836fe0</load_address>
         <run_address>0x11836fe0</run_address>
         <size>0x40</size>
         <input_file_ref idref="fl-38"/>
      </object_component>
      <object_component id="oc-5a">
         <name>.text:_args_main</name>
         <load_address>0x11837020</load_address>
         <run_address>0x11837020</run_address>
         <size>0x40</size>
         <input_file_ref idref="fl-39"/>
      </object_component>
      <object_component id="oc-371">
         <name>.text:__c6xabi_errno_addr</name>
         <load_address>0x11837060</load_address>
         <run_address>0x11837060</run_address>
         <size>0x20</size>
         <input_file_ref idref="fl-5d"/>
      </object_component>
      <object_component id="oc-1a2">
         <name>.text:_nop</name>
         <load_address>0x11837080</load_address>
         <run_address>0x11837080</run_address>
         <size>0x20</size>
         <input_file_ref idref="fl-37"/>
      </object_component>
      <object_component id="oc-16e">
         <name>.text:_outc</name>
         <load_address>0x118370a0</load_address>
         <run_address>0x118370a0</run_address>
         <size>0x20</size>
         <input_file_ref idref="fl-30"/>
      </object_component>
      <object_component id="oc-174">
         <name>.text:_outs</name>
         <load_address>0x118370c0</load_address>
         <run_address>0x118370c0</run_address>
         <size>0x20</size>
         <input_file_ref idref="fl-30"/>
      </object_component>
      <object_component id="oc-af">
         <name>.text:_system_post_cinit</name>
         <load_address>0x118370e0</load_address>
         <run_address>0x118370e0</run_address>
         <size>0x20</size>
         <input_file_ref idref="fl-59"/>
      </object_component>
      <object_component id="oc-66">
         <name>.text:_system_pre_init</name>
         <load_address>0x11837100</load_address>
         <run_address>0x11837100</run_address>
         <size>0x20</size>
         <input_file_ref idref="fl-2f"/>
      </object_component>
      <object_component id="oc-a0">
         <name>.text:abort</name>
         <load_address>0x11837120</load_address>
         <run_address>0x11837120</run_address>
         <size>0x20</size>
         <input_file_ref idref="fl-25"/>
      </object_component>
      <object_component id="oc-18">
         <name>.text:decompress:none:__TI_decompress_none</name>
         <load_address>0x11837140</load_address>
         <run_address>0x11837140</run_address>
         <size>0x20</size>
         <input_file_ref idref="fl-22"/>
      </object_component>
      <object_component id="oc-1e">
         <name>.text:decompress:rle24:__TI_decompress_rle24</name>
         <load_address>0x11837160</load_address>
         <run_address>0x11837160</run_address>
         <size>0x20</size>
         <input_file_ref idref="fl-23"/>
      </object_component>
      <object_component id="oc-30">
         <name>.stack</name>
         <uninitialized>true</uninitialized>
         <run_address>0x11800000</run_address>
         <size>0x8</size>
         <input_file_ref idref="fl-21"/>
      </object_component>
      <object_component id="oc-418">
         <name>.stack</name>
         <uninitialized>true</uninitialized>
         <run_address>0x11800000</run_address>
         <size>0x0</size>
      </object_component>
      <object_component id="oc-3ce">
         <name>.cio</name>
         <uninitialized>true</uninitialized>
         <run_address>0x11f02c80</run_address>
         <size>0x120</size>
         <input_file_ref idref="fl-5c"/>
      </object_component>
      <object_component id="oc-2a1">
         <name>.const:.string:_ctypes_</name>
         <load_address>0x11f02b30</load_address>
         <run_address>0x11f02b30</run_address>
         <size>0x101</size>
         <input_file_ref idref="fl-3e"/>
      </object_component>
      <object_component id="oc-d1">
         <name>.const:.string</name>
         <load_address>0x11f02c34</load_address>
         <run_address>0x11f02c34</run_address>
         <size>0x24</size>
         <input_file_ref idref="fl-3"/>
      </object_component>
      <object_component id="oc-235">
         <name>.const:.string</name>
         <load_address>0x11f02c58</load_address>
         <run_address>0x11f02c58</run_address>
         <size>0x24</size>
         <input_file_ref idref="fl-38"/>
      </object_component>
      <object_component id="oc-236">
         <name>.switch:__TI_printfi</name>
         <load_address>0x118378c0</load_address>
         <run_address>0x118378c0</run_address>
         <size>0x38</size>
         <input_file_ref idref="fl-38"/>
      </object_component>
      <object_component id="oc-33">
         <name>.sysmem</name>
         <uninitialized>true</uninitialized>
         <run_address>0x11f02330</run_address>
         <size>0x8</size>
         <input_file_ref idref="fl-2c"/>
      </object_component>
      <object_component id="oc-419">
         <name>.sysmem</name>
         <uninitialized>true</uninitialized>
         <run_address>0x11f02330</run_address>
         <size>0x0</size>
      </object_component>
      <object_component id="oc-d2">
         <name>.common:before_dec</name>
         <uninitialized>true</uninitialized>
         <run_address>0x11f00000</run_address>
         <size>0x2000</size>
      </object_component>
      <object_component id="oc-d5">
         <name>.common:dec</name>
         <uninitialized>true</uninitialized>
         <run_address>0x11f02000</run_address>
         <size>0x1e8</size>
      </object_component>
      <object_component id="oc-261">
         <name>.common:__TI_tmpnams</name>
         <uninitialized>true</uninitialized>
         <run_address>0x11f021e8</run_address>
         <size>0x140</size>
      </object_component>
      <object_component id="oc-38e">
         <name>.common:parmbuf</name>
         <uninitialized>true</uninitialized>
         <run_address>0x11f02328</run_address>
         <size>0x8</size>
      </object_component>
      <object_component id="oc-417">
         <name>.cinit..fardata.load</name>
         <load_address>0x11f02da0</load_address>
         <run_address>0x11f02da0</run_address>
         <size>0x166</size>
      </object_component>
      <object_component id="oc-416">
         <name>.cinit..far.load</name>
         <load_address>0x11f02f06</load_address>
         <run_address>0x11f02f06</run_address>
         <size>0xb</size>
      </object_component>
      <object_component id="oc-414">
         <name>__TI_handler_table</name>
         <load_address>0x11f02f14</load_address>
         <run_address>0x11f02f14</run_address>
         <size>0x8</size>
      </object_component>
      <object_component id="oc-415">
         <name>__TI_cinit_table</name>
         <load_address>0x11f02f20</load_address>
         <run_address>0x11f02f20</run_address>
         <size>0x10</size>
      </object_component>
      <object_component id="oc-14d">
         <name>.fardata:crc</name>
         <load_address>0x11837878</load_address>
         <run_address>0x11837878</run_address>
         <size>0x19</size>
         <input_file_ref idref="fl-2"/>
      </object_component>
      <object_component id="oc-150">
         <name>.fardata:position</name>
         <load_address>0x11837180</load_address>
         <run_address>0x11837180</run_address>
         <size>0x400</size>
         <input_file_ref idref="fl-2"/>
      </object_component>
      <object_component id="oc-9d">
         <name>.fardata</name>
         <load_address>0x11837894</load_address>
         <run_address>0x11837894</run_address>
         <size>0xc</size>
         <input_file_ref idref="fl-25"/>
      </object_component>
      <object_component id="oc-122">
         <name>.fardata</name>
         <load_address>0x118378b8</load_address>
         <run_address>0x118378b8</run_address>
         <size>0x4</size>
         <input_file_ref idref="fl-28"/>
      </object_component>
      <object_component id="oc-2e6">
         <name>.fardata</name>
         <load_address>0x118378a0</load_address>
         <run_address>0x118378a0</run_address>
         <size>0x8</size>
         <input_file_ref idref="fl-2c"/>
      </object_component>
      <object_component id="oc-26b">
         <name>.fardata</name>
         <load_address>0x118378bc</load_address>
         <run_address>0x118378bc</run_address>
         <size>0x4</size>
         <input_file_ref idref="fl-2e"/>
      </object_component>
      <object_component id="oc-280">
         <name>.fardata:_device</name>
         <load_address>0x11837800</load_address>
         <run_address>0x11837800</run_address>
         <size>0x78</size>
         <input_file_ref idref="fl-34"/>
      </object_component>
      <object_component id="oc-1d2">
         <name>.fardata:_stream</name>
         <load_address>0x11837760</load_address>
         <run_address>0x11837760</run_address>
         <size>0xa0</size>
         <input_file_ref idref="fl-34"/>
      </object_component>
      <object_component id="oc-11f">
         <name>.fardata:_lock</name>
         <load_address>0x118378a8</load_address>
         <run_address>0x118378a8</run_address>
         <size>0x4</size>
         <input_file_ref idref="fl-37"/>
      </object_component>
      <object_component id="oc-129">
         <name>.fardata:_unlock</name>
         <load_address>0x118378ac</load_address>
         <run_address>0x118378ac</run_address>
         <size>0x4</size>
         <input_file_ref idref="fl-37"/>
      </object_component>
      <object_component id="oc-123">
         <name>.fardata:_ftable</name>
         <load_address>0x11837580</load_address>
         <run_address>0x11837580</run_address>
         <size>0x1e0</size>
         <input_file_ref idref="fl-3f"/>
      </object_component>
      <object_component id="oc-126">
         <name>.fardata</name>
         <load_address>0x118378b0</load_address>
         <run_address>0x118378b0</run_address>
         <size>0x4</size>
         <input_file_ref idref="fl-3f"/>
      </object_component>
      <object_component id="oc-3c3">
         <name>.fardata</name>
         <load_address>0x118378b4</load_address>
         <run_address>0x118378b4</run_address>
         <size>0x4</size>
         <input_file_ref idref="fl-5d"/>
      </object_component>
      <object_component id="oc-154">
         <name>.debug_info</name>
         <load_address>0x0</load_address>
         <run_address>0x0</run_address>
         <size>0x635</size>
         <input_file_ref idref="fl-2"/>
      </object_component>
      <object_component id="oc-14e">
         <name>.debug_info</name>
         <load_address>0x635</load_address>
         <run_address>0x635</run_address>
         <size>0xa8</size>
         <input_file_ref idref="fl-2"/>
      </object_component>
      <object_component id="oc-151">
         <name>.debug_info</name>
         <load_address>0x6dd</load_address>
         <run_address>0x6dd</run_address>
         <size>0xb2</size>
         <input_file_ref idref="fl-2"/>
      </object_component>
      <object_component id="oc-e3">
         <name>.debug_info</name>
         <load_address>0x78f</load_address>
         <run_address>0x78f</run_address>
         <size>0x9bd</size>
         <input_file_ref idref="fl-2"/>
      </object_component>
      <object_component id="oc-1df">
         <name>.debug_info</name>
         <load_address>0x114c</load_address>
         <run_address>0x114c</run_address>
         <size>0x5e</size>
         <input_file_ref idref="fl-2"/>
      </object_component>
      <object_component id="oc-11a">
         <name>.debug_info</name>
         <load_address>0x11aa</load_address>
         <run_address>0x11aa</run_address>
         <size>0xc8</size>
         <input_file_ref idref="fl-2"/>
      </object_component>
      <object_component id="oc-81">
         <name>.debug_info</name>
         <load_address>0x1272</load_address>
         <run_address>0x1272</run_address>
         <size>0xb2</size>
         <input_file_ref idref="fl-2"/>
      </object_component>
      <object_component id="oc-239">
         <name>.debug_info</name>
         <load_address>0x1324</load_address>
         <run_address>0x1324</run_address>
         <size>0x2c</size>
         <input_file_ref idref="fl-2"/>
      </object_component>
      <object_component id="oc-d3">
         <name>.debug_info</name>
         <load_address>0x1350</load_address>
         <run_address>0x1350</run_address>
         <size>0x6b2</size>
         <input_file_ref idref="fl-3"/>
      </object_component>
      <object_component id="oc-96">
         <name>.debug_info</name>
         <load_address>0x1a02</load_address>
         <run_address>0x1a02</run_address>
         <size>0x183</size>
         <input_file_ref idref="fl-3"/>
      </object_component>
      <object_component id="oc-75">
         <name>.debug_info</name>
         <load_address>0x1b85</load_address>
         <run_address>0x1b85</run_address>
         <size>0x5d6</size>
         <input_file_ref idref="fl-21"/>
      </object_component>
      <object_component id="oc-31">
         <name>.debug_info</name>
         <load_address>0x215b</load_address>
         <run_address>0x215b</run_address>
         <size>0xed</size>
         <input_file_ref idref="fl-21"/>
      </object_component>
      <object_component id="oc-2d">
         <name>.debug_info</name>
         <load_address>0x2248</load_address>
         <run_address>0x2248</run_address>
         <size>0x17a</size>
         <input_file_ref idref="fl-21"/>
      </object_component>
      <object_component id="oc-41">
         <name>.debug_info</name>
         <load_address>0x23c2</load_address>
         <run_address>0x23c2</run_address>
         <size>0x5ab</size>
         <input_file_ref idref="fl-22"/>
      </object_component>
      <object_component id="oc-1a">
         <name>.debug_info</name>
         <load_address>0x296d</load_address>
         <run_address>0x296d</run_address>
         <size>0x1c4</size>
         <input_file_ref idref="fl-22"/>
      </object_component>
      <object_component id="oc-3c">
         <name>.debug_info</name>
         <load_address>0x2b31</load_address>
         <run_address>0x2b31</run_address>
         <size>0x46</size>
         <input_file_ref idref="fl-22"/>
      </object_component>
      <object_component id="oc-7a">
         <name>.debug_info</name>
         <load_address>0x2b77</load_address>
         <run_address>0x2b77</run_address>
         <size>0x2c</size>
         <input_file_ref idref="fl-22"/>
      </object_component>
      <object_component id="oc-87">
         <name>.debug_info</name>
         <load_address>0x2ba3</load_address>
         <run_address>0x2ba3</run_address>
         <size>0x595</size>
         <input_file_ref idref="fl-23"/>
      </object_component>
      <object_component id="oc-44">
         <name>.debug_info</name>
         <load_address>0x3138</load_address>
         <run_address>0x3138</run_address>
         <size>0x24c</size>
         <input_file_ref idref="fl-23"/>
      </object_component>
      <object_component id="oc-20">
         <name>.debug_info</name>
         <load_address>0x3384</load_address>
         <run_address>0x3384</run_address>
         <size>0x1a9</size>
         <input_file_ref idref="fl-23"/>
      </object_component>
      <object_component id="oc-49">
         <name>.debug_info</name>
         <load_address>0x352d</load_address>
         <run_address>0x352d</run_address>
         <size>0x46</size>
         <input_file_ref idref="fl-23"/>
      </object_component>
      <object_component id="oc-8f">
         <name>.debug_info</name>
         <load_address>0x3573</load_address>
         <run_address>0x3573</run_address>
         <size>0x2c</size>
         <input_file_ref idref="fl-23"/>
      </object_component>
      <object_component id="oc-88">
         <name>.debug_info</name>
         <load_address>0x359f</load_address>
         <run_address>0x359f</run_address>
         <size>0x39</size>
         <input_file_ref idref="fl-23"/>
      </object_component>
      <object_component id="oc-a7">
         <name>.debug_info</name>
         <load_address>0x35d8</load_address>
         <run_address>0x35d8</run_address>
         <size>0x5bf</size>
         <input_file_ref idref="fl-25"/>
      </object_component>
      <object_component id="oc-9e">
         <name>.debug_info</name>
         <load_address>0x3b97</load_address>
         <run_address>0x3b97</run_address>
         <size>0x17d</size>
         <input_file_ref idref="fl-25"/>
      </object_component>
      <object_component id="oc-a4">
         <name>.debug_info</name>
         <load_address>0x3d14</load_address>
         <run_address>0x3d14</run_address>
         <size>0x10f</size>
         <input_file_ref idref="fl-25"/>
      </object_component>
      <object_component id="oc-61">
         <name>.debug_info</name>
         <load_address>0x3e23</load_address>
         <run_address>0x3e23</run_address>
         <size>0x16f</size>
         <input_file_ref idref="fl-25"/>
      </object_component>
      <object_component id="oc-189">
         <name>.debug_info</name>
         <load_address>0x3f92</load_address>
         <run_address>0x3f92</run_address>
         <size>0x667</size>
         <input_file_ref idref="fl-26"/>
      </object_component>
      <object_component id="oc-183">
         <name>.debug_info</name>
         <load_address>0x45f9</load_address>
         <run_address>0x45f9</run_address>
         <size>0x1ec</size>
         <input_file_ref idref="fl-26"/>
      </object_component>
      <object_component id="oc-f5">
         <name>.debug_info</name>
         <load_address>0x47e5</load_address>
         <run_address>0x47e5</run_address>
         <size>0x18a</size>
         <input_file_ref idref="fl-26"/>
      </object_component>
      <object_component id="oc-1c2">
         <name>.debug_info</name>
         <load_address>0x496f</load_address>
         <run_address>0x496f</run_address>
         <size>0xae</size>
         <input_file_ref idref="fl-26"/>
      </object_component>
      <object_component id="oc-1ec">
         <name>.debug_info</name>
         <load_address>0x4a1d</load_address>
         <run_address>0x4a1d</run_address>
         <size>0x609</size>
         <input_file_ref idref="fl-27"/>
      </object_component>
      <object_component id="oc-15c">
         <name>.debug_info</name>
         <load_address>0x5026</load_address>
         <run_address>0x5026</run_address>
         <size>0x171</size>
         <input_file_ref idref="fl-27"/>
      </object_component>
      <object_component id="oc-133">
         <name>.debug_info</name>
         <load_address>0x5197</load_address>
         <run_address>0x5197</run_address>
         <size>0x6a3</size>
         <input_file_ref idref="fl-28"/>
      </object_component>
      <object_component id="oc-12d">
         <name>.debug_info</name>
         <load_address>0x583a</load_address>
         <run_address>0x583a</run_address>
         <size>0x1e0</size>
         <input_file_ref idref="fl-28"/>
      </object_component>
      <object_component id="oc-1b6">
         <name>.debug_info</name>
         <load_address>0x5a1a</load_address>
         <run_address>0x5a1a</run_address>
         <size>0x163</size>
         <input_file_ref idref="fl-28"/>
      </object_component>
      <object_component id="oc-d9">
         <name>.debug_info</name>
         <load_address>0x5b7d</load_address>
         <run_address>0x5b7d</run_address>
         <size>0x1ca</size>
         <input_file_ref idref="fl-28"/>
      </object_component>
      <object_component id="oc-c1">
         <name>.debug_info</name>
         <load_address>0x5d47</load_address>
         <run_address>0x5d47</run_address>
         <size>0x2c</size>
         <input_file_ref idref="fl-28"/>
      </object_component>
      <object_component id="oc-14c">
         <name>.debug_info</name>
         <load_address>0x5d73</load_address>
         <run_address>0x5d73</run_address>
         <size>0x65a</size>
         <input_file_ref idref="fl-29"/>
      </object_component>
      <object_component id="oc-de">
         <name>.debug_info</name>
         <load_address>0x63cd</load_address>
         <run_address>0x63cd</run_address>
         <size>0x2c8</size>
         <input_file_ref idref="fl-29"/>
      </object_component>
      <object_component id="oc-16d">
         <name>.debug_info</name>
         <load_address>0x6695</load_address>
         <run_address>0x6695</run_address>
         <size>0x66f</size>
         <input_file_ref idref="fl-2a"/>
      </object_component>
      <object_component id="oc-ec">
         <name>.debug_info</name>
         <load_address>0x6d04</load_address>
         <run_address>0x6d04</run_address>
         <size>0x3b4</size>
         <input_file_ref idref="fl-2a"/>
      </object_component>
      <object_component id="oc-168">
         <name>.debug_info</name>
         <load_address>0x70b8</load_address>
         <run_address>0x70b8</run_address>
         <size>0xbb</size>
         <input_file_ref idref="fl-2a"/>
      </object_component>
      <object_component id="oc-37">
         <name>.debug_info</name>
         <load_address>0x7173</load_address>
         <run_address>0x7173</run_address>
         <size>0x119</size>
         <input_file_ref idref="fl-2b"/>
      </object_component>
      <object_component id="oc-78">
         <name>.debug_info</name>
         <load_address>0x728c</load_address>
         <run_address>0x728c</run_address>
         <size>0x625</size>
         <input_file_ref idref="fl-2c"/>
      </object_component>
      <object_component id="oc-34">
         <name>.debug_info</name>
         <load_address>0x78b1</load_address>
         <run_address>0x78b1</run_address>
         <size>0xf9</size>
         <input_file_ref idref="fl-2c"/>
      </object_component>
      <object_component id="oc-2e7">
         <name>.debug_info</name>
         <load_address>0x79aa</load_address>
         <run_address>0x79aa</run_address>
         <size>0x11c</size>
         <input_file_ref idref="fl-2c"/>
      </object_component>
      <object_component id="oc-305">
         <name>.debug_info</name>
         <load_address>0x7ac6</load_address>
         <run_address>0x7ac6</run_address>
         <size>0x134</size>
         <input_file_ref idref="fl-2c"/>
      </object_component>
      <object_component id="oc-2f1">
         <name>.debug_info</name>
         <load_address>0x7bfa</load_address>
         <run_address>0x7bfa</run_address>
         <size>0x16a</size>
         <input_file_ref idref="fl-2c"/>
      </object_component>
      <object_component id="oc-2eb">
         <name>.debug_info</name>
         <load_address>0x7d64</load_address>
         <run_address>0x7d64</run_address>
         <size>0x169</size>
         <input_file_ref idref="fl-2c"/>
      </object_component>
      <object_component id="oc-276">
         <name>.debug_info</name>
         <load_address>0x7ecd</load_address>
         <run_address>0x7ecd</run_address>
         <size>0x1e1</size>
         <input_file_ref idref="fl-2c"/>
      </object_component>
      <object_component id="oc-251">
         <name>.debug_info</name>
         <load_address>0x80ae</load_address>
         <run_address>0x80ae</run_address>
         <size>0x2ab</size>
         <input_file_ref idref="fl-2c"/>
      </object_component>
      <object_component id="oc-c6">
         <name>.debug_info</name>
         <load_address>0x8359</load_address>
         <run_address>0x8359</run_address>
         <size>0x62</size>
         <input_file_ref idref="fl-2c"/>
      </object_component>
      <object_component id="oc-8e">
         <name>.debug_info</name>
         <load_address>0x83bb</load_address>
         <run_address>0x83bb</run_address>
         <size>0x674</size>
         <input_file_ref idref="fl-2d"/>
      </object_component>
      <object_component id="oc-51">
         <name>.debug_info</name>
         <load_address>0x8a2f</load_address>
         <run_address>0x8a2f</run_address>
         <size>0x21c</size>
         <input_file_ref idref="fl-2d"/>
      </object_component>
      <object_component id="oc-273">
         <name>.debug_info</name>
         <load_address>0x8c4b</load_address>
         <run_address>0x8c4b</run_address>
         <size>0x6c8</size>
         <input_file_ref idref="fl-2e"/>
      </object_component>
      <object_component id="oc-1bb">
         <name>.debug_info</name>
         <load_address>0x9313</load_address>
         <run_address>0x9313</run_address>
         <size>0x257</size>
         <input_file_ref idref="fl-2e"/>
      </object_component>
      <object_component id="oc-287">
         <name>.debug_info</name>
         <load_address>0x956a</load_address>
         <run_address>0x956a</run_address>
         <size>0x120</size>
         <input_file_ref idref="fl-2e"/>
      </object_component>
      <object_component id="oc-28c">
         <name>.debug_info</name>
         <load_address>0x968a</load_address>
         <run_address>0x968a</run_address>
         <size>0x2c</size>
         <input_file_ref idref="fl-2e"/>
      </object_component>
      <object_component id="oc-67">
         <name>.debug_info</name>
         <load_address>0x96b6</load_address>
         <run_address>0x96b6</run_address>
         <size>0x140</size>
         <input_file_ref idref="fl-2f"/>
      </object_component>
      <object_component id="oc-181">
         <name>.debug_info</name>
         <load_address>0x97f6</load_address>
         <run_address>0x97f6</run_address>
         <size>0x6a5</size>
         <input_file_ref idref="fl-30"/>
      </object_component>
      <object_component id="oc-172">
         <name>.debug_info</name>
         <load_address>0x9e9b</load_address>
         <run_address>0x9e9b</run_address>
         <size>0x144</size>
         <input_file_ref idref="fl-30"/>
      </object_component>
      <object_component id="oc-177">
         <name>.debug_info</name>
         <load_address>0x9fdf</load_address>
         <run_address>0x9fdf</run_address>
         <size>0x153</size>
         <input_file_ref idref="fl-30"/>
      </object_component>
      <object_component id="oc-f1">
         <name>.debug_info</name>
         <load_address>0xa132</load_address>
         <run_address>0xa132</run_address>
         <size>0x190</size>
         <input_file_ref idref="fl-30"/>
      </object_component>
      <object_component id="oc-1d6">
         <name>.debug_info</name>
         <load_address>0xa2c2</load_address>
         <run_address>0xa2c2</run_address>
         <size>0x65c</size>
         <input_file_ref idref="fl-31"/>
      </object_component>
      <object_component id="oc-148">
         <name>.debug_info</name>
         <load_address>0xa91e</load_address>
         <run_address>0xa91e</run_address>
         <size>0x186</size>
         <input_file_ref idref="fl-31"/>
      </object_component>
      <object_component id="oc-2f9">
         <name>.debug_info</name>
         <load_address>0xaaa4</load_address>
         <run_address>0xaaa4</run_address>
         <size>0x697</size>
         <input_file_ref idref="fl-33"/>
      </object_component>
      <object_component id="oc-25c">
         <name>.debug_info</name>
         <load_address>0xb13b</load_address>
         <run_address>0xb13b</run_address>
         <size>0x1a3</size>
         <input_file_ref idref="fl-33"/>
      </object_component>
      <object_component id="oc-385">
         <name>.debug_info</name>
         <load_address>0xb2de</load_address>
         <run_address>0xb2de</run_address>
         <size>0xea</size>
         <input_file_ref idref="fl-33"/>
      </object_component>
      <object_component id="oc-1ee">
         <name>.debug_info</name>
         <load_address>0xb3c8</load_address>
         <run_address>0xb3c8</run_address>
         <size>0x796</size>
         <input_file_ref idref="fl-34"/>
      </object_component>
      <object_component id="oc-281">
         <name>.debug_info</name>
         <load_address>0xbb5e</load_address>
         <run_address>0xbb5e</run_address>
         <size>0xf0</size>
         <input_file_ref idref="fl-34"/>
      </object_component>
      <object_component id="oc-1d3">
         <name>.debug_info</name>
         <load_address>0xbc4e</load_address>
         <run_address>0xbc4e</run_address>
         <size>0xf0</size>
         <input_file_ref idref="fl-34"/>
      </object_component>
      <object_component id="oc-162">
         <name>.debug_info</name>
         <load_address>0xbd3e</load_address>
         <run_address>0xbd3e</run_address>
         <size>0x18b</size>
         <input_file_ref idref="fl-34"/>
      </object_component>
      <object_component id="oc-1d0">
         <name>.debug_info</name>
         <load_address>0xbec9</load_address>
         <run_address>0xbec9</run_address>
         <size>0x632</size>
         <input_file_ref idref="fl-35"/>
      </object_component>
      <object_component id="oc-13b">
         <name>.debug_info</name>
         <load_address>0xc4fb</load_address>
         <run_address>0xc4fb</run_address>
         <size>0x1cf</size>
         <input_file_ref idref="fl-35"/>
      </object_component>
      <object_component id="oc-1ce">
         <name>.debug_info</name>
         <load_address>0xc6ca</load_address>
         <run_address>0xc6ca</run_address>
         <size>0x5c1</size>
         <input_file_ref idref="fl-36"/>
      </object_component>
      <object_component id="oc-156">
         <name>.debug_info</name>
         <load_address>0xcc8b</load_address>
         <run_address>0xcc8b</run_address>
         <size>0x183</size>
         <input_file_ref idref="fl-36"/>
      </object_component>
      <object_component id="oc-135">
         <name>.debug_info</name>
         <load_address>0xce0e</load_address>
         <run_address>0xce0e</run_address>
         <size>0x17b</size>
         <input_file_ref idref="fl-36"/>
      </object_component>
      <object_component id="oc-1aa">
         <name>.debug_info</name>
         <load_address>0xcf89</load_address>
         <run_address>0xcf89</run_address>
         <size>0x54c</size>
         <input_file_ref idref="fl-37"/>
      </object_component>
      <object_component id="oc-120">
         <name>.debug_info</name>
         <load_address>0xd4d5</load_address>
         <run_address>0xd4d5</run_address>
         <size>0xec</size>
         <input_file_ref idref="fl-37"/>
      </object_component>
      <object_component id="oc-12a">
         <name>.debug_info</name>
         <load_address>0xd5c1</load_address>
         <run_address>0xd5c1</run_address>
         <size>0xf0</size>
         <input_file_ref idref="fl-37"/>
      </object_component>
      <object_component id="oc-1a3">
         <name>.debug_info</name>
         <load_address>0xd6b1</load_address>
         <run_address>0xd6b1</run_address>
         <size>0x11b</size>
         <input_file_ref idref="fl-37"/>
      </object_component>
      <object_component id="oc-238">
         <name>.debug_info</name>
         <load_address>0xd7cc</load_address>
         <run_address>0xd7cc</run_address>
         <size>0x75c</size>
         <input_file_ref idref="fl-38"/>
      </object_component>
      <object_component id="oc-20d">
         <name>.debug_info</name>
         <load_address>0xdf28</load_address>
         <run_address>0xdf28</run_address>
         <size>0x233</size>
         <input_file_ref idref="fl-38"/>
      </object_component>
      <object_component id="oc-206">
         <name>.debug_info</name>
         <load_address>0xe15b</load_address>
         <run_address>0xe15b</run_address>
         <size>0x209</size>
         <input_file_ref idref="fl-38"/>
      </object_component>
      <object_component id="oc-2c2">
         <name>.debug_info</name>
         <load_address>0xe364</load_address>
         <run_address>0xe364</run_address>
         <size>0x1a0</size>
         <input_file_ref idref="fl-38"/>
      </object_component>
      <object_component id="oc-219">
         <name>.debug_info</name>
         <load_address>0xe504</load_address>
         <run_address>0xe504</run_address>
         <size>0x34e</size>
         <input_file_ref idref="fl-38"/>
      </object_component>
      <object_component id="oc-2ca">
         <name>.debug_info</name>
         <load_address>0xe852</load_address>
         <run_address>0xe852</run_address>
         <size>0x222</size>
         <input_file_ref idref="fl-38"/>
      </object_component>
      <object_component id="oc-21f">
         <name>.debug_info</name>
         <load_address>0xea74</load_address>
         <run_address>0xea74</run_address>
         <size>0x306</size>
         <input_file_ref idref="fl-38"/>
      </object_component>
      <object_component id="oc-225">
         <name>.debug_info</name>
         <load_address>0xed7a</load_address>
         <run_address>0xed7a</run_address>
         <size>0x36c</size>
         <input_file_ref idref="fl-38"/>
      </object_component>
      <object_component id="oc-22b">
         <name>.debug_info</name>
         <load_address>0xf0e6</load_address>
         <run_address>0xf0e6</run_address>
         <size>0x4a2</size>
         <input_file_ref idref="fl-38"/>
      </object_component>
      <object_component id="oc-17b">
         <name>.debug_info</name>
         <load_address>0xf588</load_address>
         <run_address>0xf588</run_address>
         <size>0x5c0</size>
         <input_file_ref idref="fl-38"/>
      </object_component>
      <object_component id="oc-23e">
         <name>.debug_info</name>
         <load_address>0xfb48</load_address>
         <run_address>0xfb48</run_address>
         <size>0x86</size>
         <input_file_ref idref="fl-38"/>
      </object_component>
      <object_component id="oc-243">
         <name>.debug_info</name>
         <load_address>0xfbce</load_address>
         <run_address>0xfbce</run_address>
         <size>0x2c</size>
         <input_file_ref idref="fl-38"/>
      </object_component>
      <object_component id="oc-2e1">
         <name>.debug_info</name>
         <load_address>0xfbfa</load_address>
         <run_address>0xfbfa</run_address>
         <size>0x46</size>
         <input_file_ref idref="fl-38"/>
      </object_component>
      <object_component id="oc-248">
         <name>.debug_info</name>
         <load_address>0xfc40</load_address>
         <run_address>0xfc40</run_address>
         <size>0x39</size>
         <input_file_ref idref="fl-38"/>
      </object_component>
      <object_component id="oc-9c">
         <name>.debug_info</name>
         <load_address>0xfc79</load_address>
         <run_address>0xfc79</run_address>
         <size>0x5cc</size>
         <input_file_ref idref="fl-39"/>
      </object_component>
      <object_component id="oc-5c">
         <name>.debug_info</name>
         <load_address>0x10245</load_address>
         <run_address>0x10245</run_address>
         <size>0x15f</size>
         <input_file_ref idref="fl-39"/>
      </object_component>
      <object_component id="oc-fd">
         <name>.debug_info</name>
         <load_address>0x103a4</load_address>
         <run_address>0x103a4</run_address>
         <size>0x5e</size>
         <input_file_ref idref="fl-39"/>
      </object_component>
      <object_component id="oc-2a5">
         <name>.debug_info</name>
         <load_address>0x10402</load_address>
         <run_address>0x10402</run_address>
         <size>0x57a</size>
         <input_file_ref idref="fl-3a"/>
      </object_component>
      <object_component id="oc-202">
         <name>.debug_info</name>
         <load_address>0x1097c</load_address>
         <run_address>0x1097c</run_address>
         <size>0x169</size>
         <input_file_ref idref="fl-3a"/>
      </object_component>
      <object_component id="oc-bc">
         <name>.debug_info</name>
         <load_address>0x10ae5</load_address>
         <run_address>0x10ae5</run_address>
         <size>0x79e</size>
         <input_file_ref idref="fl-3b"/>
      </object_component>
      <object_component id="oc-6d">
         <name>.debug_info</name>
         <load_address>0x11283</load_address>
         <run_address>0x11283</run_address>
         <size>0x1bc</size>
         <input_file_ref idref="fl-3b"/>
      </object_component>
      <object_component id="oc-10e">
         <name>.debug_info</name>
         <load_address>0x1143f</load_address>
         <run_address>0x1143f</run_address>
         <size>0x39</size>
         <input_file_ref idref="fl-3b"/>
      </object_component>
      <object_component id="oc-19d">
         <name>.debug_info</name>
         <load_address>0x11478</load_address>
         <run_address>0x11478</run_address>
         <size>0x39</size>
         <input_file_ref idref="fl-3b"/>
      </object_component>
      <object_component id="oc-113">
         <name>.debug_info</name>
         <load_address>0x114b1</load_address>
         <run_address>0x114b1</run_address>
         <size>0xcd</size>
         <input_file_ref idref="fl-3b"/>
      </object_component>
      <object_component id="oc-2f7">
         <name>.debug_info</name>
         <load_address>0x1157e</load_address>
         <run_address>0x1157e</run_address>
         <size>0x690</size>
         <input_file_ref idref="fl-3c"/>
      </object_component>
      <object_component id="oc-257">
         <name>.debug_info</name>
         <load_address>0x11c0e</load_address>
         <run_address>0x11c0e</run_address>
         <size>0x182</size>
         <input_file_ref idref="fl-3c"/>
      </object_component>
      <object_component id="oc-108">
         <name>.debug_info</name>
         <load_address>0x11d90</load_address>
         <run_address>0x11d90</run_address>
         <size>0x650</size>
         <input_file_ref idref="fl-3d"/>
      </object_component>
      <object_component id="oc-ab">
         <name>.debug_info</name>
         <load_address>0x123e0</load_address>
         <run_address>0x123e0</run_address>
         <size>0x194</size>
         <input_file_ref idref="fl-3d"/>
      </object_component>
      <object_component id="oc-18c">
         <name>.debug_info</name>
         <load_address>0x12574</load_address>
         <run_address>0x12574</run_address>
         <size>0x2c</size>
         <input_file_ref idref="fl-3d"/>
      </object_component>
      <object_component id="oc-343">
         <name>.debug_info</name>
         <load_address>0x125a0</load_address>
         <run_address>0x125a0</run_address>
         <size>0xe6</size>
         <input_file_ref idref="fl-3e"/>
      </object_component>
      <object_component id="oc-2a2">
         <name>.debug_info</name>
         <load_address>0x12686</load_address>
         <run_address>0x12686</run_address>
         <size>0xf2</size>
         <input_file_ref idref="fl-3e"/>
      </object_component>
      <object_component id="oc-1ad">
         <name>.debug_info</name>
         <load_address>0x12778</load_address>
         <run_address>0x12778</run_address>
         <size>0x12d</size>
         <input_file_ref idref="fl-3f"/>
      </object_component>
      <object_component id="oc-124">
         <name>.debug_info</name>
         <load_address>0x128a5</load_address>
         <run_address>0x128a5</run_address>
         <size>0xef</size>
         <input_file_ref idref="fl-3f"/>
      </object_component>
      <object_component id="oc-127">
         <name>.debug_info</name>
         <load_address>0x12994</load_address>
         <run_address>0x12994</run_address>
         <size>0xf7</size>
         <input_file_ref idref="fl-3f"/>
      </object_component>
      <object_component id="oc-2b6">
         <name>.debug_info</name>
         <load_address>0x12a8b</load_address>
         <run_address>0x12a8b</run_address>
         <size>0x23d</size>
         <input_file_ref idref="fl-40"/>
      </object_component>
      <object_component id="oc-363">
         <name>.debug_info</name>
         <load_address>0x12cc8</load_address>
         <run_address>0x12cc8</run_address>
         <size>0x7f</size>
         <input_file_ref idref="fl-40"/>
      </object_component>
      <object_component id="oc-368">
         <name>.debug_info</name>
         <load_address>0x12d47</load_address>
         <run_address>0x12d47</run_address>
         <size>0x60</size>
         <input_file_ref idref="fl-40"/>
      </object_component>
      <object_component id="oc-141">
         <name>.debug_info</name>
         <load_address>0x12da7</load_address>
         <run_address>0x12da7</run_address>
         <size>0x10c</size>
         <input_file_ref idref="fl-41"/>
      </object_component>
      <object_component id="oc-29e">
         <name>.debug_info</name>
         <load_address>0x12eb3</load_address>
         <run_address>0x12eb3</run_address>
         <size>0x645</size>
         <input_file_ref idref="fl-42"/>
      </object_component>
      <object_component id="oc-1f2">
         <name>.debug_info</name>
         <load_address>0x134f8</load_address>
         <run_address>0x134f8</run_address>
         <size>0x1fe</size>
         <input_file_ref idref="fl-42"/>
      </object_component>
      <object_component id="oc-2a0">
         <name>.debug_info</name>
         <load_address>0x136f6</load_address>
         <run_address>0x136f6</run_address>
         <size>0x69d</size>
         <input_file_ref idref="fl-43"/>
      </object_component>
      <object_component id="oc-1fa">
         <name>.debug_info</name>
         <load_address>0x13d93</load_address>
         <run_address>0x13d93</run_address>
         <size>0x30f</size>
         <input_file_ref idref="fl-43"/>
      </object_component>
      <object_component id="oc-35f">
         <name>.debug_info</name>
         <load_address>0x140a2</load_address>
         <run_address>0x140a2</run_address>
         <size>0x15f</size>
         <input_file_ref idref="fl-44"/>
      </object_component>
      <object_component id="oc-3e2">
         <name>.debug_info</name>
         <load_address>0x14201</load_address>
         <run_address>0x14201</run_address>
         <size>0x2c</size>
         <input_file_ref idref="fl-44"/>
      </object_component>
      <object_component id="oc-3bc">
         <name>.debug_info</name>
         <load_address>0x1422d</load_address>
         <run_address>0x1422d</run_address>
         <size>0x2c</size>
         <input_file_ref idref="fl-44"/>
      </object_component>
      <object_component id="oc-378">
         <name>.debug_info</name>
         <load_address>0x14259</load_address>
         <run_address>0x14259</run_address>
         <size>0x5de</size>
         <input_file_ref idref="fl-45"/>
      </object_component>
      <object_component id="oc-2d1">
         <name>.debug_info</name>
         <load_address>0x14837</load_address>
         <run_address>0x14837</run_address>
         <size>0x1de</size>
         <input_file_ref idref="fl-45"/>
      </object_component>
      <object_component id="oc-298">
         <name>.debug_info</name>
         <load_address>0x14a15</load_address>
         <run_address>0x14a15</run_address>
         <size>0x5e5</size>
         <input_file_ref idref="fl-46"/>
      </object_component>
      <object_component id="oc-1e5">
         <name>.debug_info</name>
         <load_address>0x14ffa</load_address>
         <run_address>0x14ffa</run_address>
         <size>0x1f9</size>
         <input_file_ref idref="fl-46"/>
      </object_component>
      <object_component id="oc-301">
         <name>.debug_info</name>
         <load_address>0x151f3</load_address>
         <run_address>0x151f3</run_address>
         <size>0x667</size>
         <input_file_ref idref="fl-47"/>
      </object_component>
      <object_component id="oc-2fb">
         <name>.debug_info</name>
         <load_address>0x1585a</load_address>
         <run_address>0x1585a</run_address>
         <size>0x1bc</size>
         <input_file_ref idref="fl-47"/>
      </object_component>
      <object_component id="oc-26d">
         <name>.debug_info</name>
         <load_address>0x15a16</load_address>
         <run_address>0x15a16</run_address>
         <size>0x1fe</size>
         <input_file_ref idref="fl-47"/>
      </object_component>
      <object_component id="oc-39f">
         <name>.debug_info</name>
         <load_address>0x15c14</load_address>
         <run_address>0x15c14</run_address>
         <size>0x634</size>
         <input_file_ref idref="fl-48"/>
      </object_component>
      <object_component id="oc-314">
         <name>.debug_info</name>
         <load_address>0x16248</load_address>
         <run_address>0x16248</run_address>
         <size>0x1a9</size>
         <input_file_ref idref="fl-48"/>
      </object_component>
      <object_component id="oc-3a5">
         <name>.debug_info</name>
         <load_address>0x163f1</load_address>
         <run_address>0x163f1</run_address>
         <size>0x639</size>
         <input_file_ref idref="fl-49"/>
      </object_component>
      <object_component id="oc-326">
         <name>.debug_info</name>
         <load_address>0x16a2a</load_address>
         <run_address>0x16a2a</run_address>
         <size>0x1e8</size>
         <input_file_ref idref="fl-49"/>
      </object_component>
      <object_component id="oc-38f">
         <name>.debug_info</name>
         <load_address>0x16c12</load_address>
         <run_address>0x16c12</run_address>
         <size>0x642</size>
         <input_file_ref idref="fl-4a"/>
      </object_component>
      <object_component id="oc-30e">
         <name>.debug_info</name>
         <load_address>0x17254</load_address>
         <run_address>0x17254</run_address>
         <size>0x202</size>
         <input_file_ref idref="fl-4a"/>
      </object_component>
      <object_component id="oc-3a1">
         <name>.debug_info</name>
         <load_address>0x17456</load_address>
[...]
         <origin>0x66000000</origin>
         <length>0x2000000</length>
         <used_space>0x0</used_space>
         <unused_space>0x2000000</unused_space>
         <attributes>RWIX</attributes>
         <usage_details>
         </usage_details>
      </memory_area>
      <memory_area display="yes" color="green">
         <name>SHRAM</name>
         <page_id>0x0</page_id>
         <origin>0x80000000</origin>
         <length>0x20000</length>
         <used_space>0x0</used_space>
         <unused_space>0x20000</unused_space>
         <attributes>RWIX</attributes>
         <usage_details>
         </usage_details>
      </memory_area>
      <memory_area display="yes" color="green">
         <name>DDR2</name>
         <page_id>0x0</page_id>
         <origin>0xc0000000</origin>
         <length>0x20000000</length>
         <used_space>0x0</used_space>
         <unused_space>0x20000000</unused_space>
         <attributes>RWIX</attributes>
         <usage_details>
         </usage_details>
      </memory_area>
   </placement_map>
   <cptbl_list>
      <cptbl>
         <name>__TI_cinit_table</name>
         <cprec>
            <name>.fardata</name>
            <load_address>0x11f02da0</load_address>
            <load_size>0x166</load_size>
            <run_address>0x11837180</run_address>
            <run_size>0x740</run_size>
            <compression>rle</compression>
         </cprec>
         <cprec>
            <name>.far</name>
            <load_address>0x11f02f06</load_address>
            <load_size>0xb</load_size>
            <run_address>0x11f00000</run_address>
            <run_size>0x2330</run_size>
            <compression>rle</compression>
         </cprec>
      </cptbl>
   </cptbl_list>
   <handler_table>
      <handler_table_name>__TI_handler_table</handler_table_name>
      <handler>
         <index>0x0</index>
         <name>__TI_decompress_rle24</name>
      </handler>
      <handler>
         <index>0x1</index>
         <name>__TI_decompress_none</name>
      </handler>
   </handler_table>
   <symbol_table>
      <symbol id="sm-1">
         <name>__TI_CINIT_Base</name>
         <value>0x11f02f20</value>
      </symbol>
      <symbol id="sm-2">
         <name>__TI_CINIT_Limit</name>
         <value>0x11f02f30</value>
      </symbol>
      <symbol id="sm-3">
         <name>__TI_Handler_Table_Base</name>
         <value>0x11f02f14</value>
      </symbol>
      <symbol id="sm-4">
         <name>__TI_Handler_Table_Limit</name>
         <value>0x11f02f1c</value>
      </symbol>
      <symbol id="sm-5">
         <name>binit</name>
         <value>0xffffffff</value>
      </symbol>
      <symbol id="sm-6">
         <name>__binit__</name>
         <value>0xffffffff</value>
      </symbol>
      <symbol id="sm-7">
         <name>__TI_STACK_SIZE</name>
         <value>0x2e000</value>
      </symbol>
      <symbol id="sm-8">
         <name>__TI_STACK_END</name>
         <value>0x1182e000</value>
      </symbol>
      <symbol id="sm-9">
         <name>__TI_SYSMEM_SIZE</name>
         <value>0x800</value>
      </symbol>
      <symbol id="sm-a">
         <name>__c_args__</name>
         <value>0xffffffff</value>
      </symbol>
      <symbol id="sm-b">
         <name>__TI_pprof_out_hndl</name>
         <value>0xffffffff</value>
      </symbol>
      <symbol id="sm-c">
         <name>__TI_prof_data_start</name>
         <value>0xffffffff</value>
      </symbol>
      <symbol id="sm-d">
         <name>__TI_prof_data_size</name>
         <value>0xffffffff</value>
      </symbol>
      <symbol id="sm-b6">
         <name>likelihood_rate</name>
         <value>0x1182fe90</value>
         <object_component_ref idref="oc-e2"/>
      </symbol>
      <symbol id="sm-b7">
         <name>min_double</name>
         <value>0x1182fe54</value>
         <object_component_ref idref="oc-e2"/>
      </symbol>
      <symbol id="sm-b8">
         <name>crc</name>
         <value>0x11837878</value>
         <object_component_ref idref="oc-14d"/>
      </symbol>
      <symbol id="sm-b9">
         <name>sign</name>
         <value>0x1182fdf8</value>
         <object_component_ref idref="oc-e2"/>
      </symbol>
      <symbol id="sm-ba">
         <name>Swap</name>
         <value>0x11830370</value>
         <object_component_ref idref="oc-e2"/>
      </symbol>
      <symbol id="sm-bb">
         <name>path_metric</name>
         <value>0x11830224</value>
         <object_component_ref idref="oc-e2"/>
      </symbol>
      <symbol id="sm-bc">
         <name>crcCheck</name>
         <value>0x1182fce0</value>
         <object_component_ref idref="oc-e2"/>
      </symbol>
      <symbol id="sm-bd">
         <name>polarDec</name>
         <value>0x11830548</value>
         <object_component_ref idref="oc-e2"/>
      </symbol>
      <symbol id="sm-be">
         <name>position</name>
         <value>0x11837180</value>
         <object_component_ref idref="oc-150"/>
      </symbol>
      <symbol id="sm-bf">
         <name>QuickSort</name>
         <value>0x11830410</value>
         <object_component_ref idref="oc-e2"/>
      </symbol>
      <symbol id="sm-e0">
         <name>before_dec</name>
         <value>0x11f00000</value>
      </symbol>
      <symbol id="sm-e1">
         <name>dec</name>
         <value>0x11f02000</value>
      </symbol>
      <symbol id="sm-e2">
         <name>main</name>
         <value>0x118354a0</value>
         <object_component_ref idref="oc-95"/>
      </symbol>
      <symbol id="sm-f8">
         <name>_c_int00</name>
         <value>0x11836ac0</value>
         <object_component_ref idref="oc-2a"/>
      </symbol>
      <symbol id="sm-f9">
         <name>_stack</name>
         <value>0x11800000</value>
         <object_component_ref idref="oc-30"/>
      </symbol>
      <symbol id="sm-110">
         <name>__TI_decompress_none</name>
         <value>0x11837140</value>
         <object_component_ref idref="oc-18"/>
      </symbol>
      <symbol id="sm-13b">
         <name>__TI_decompress_rle24</name>
         <value>0x11837160</value>
         <object_component_ref idref="oc-1e"/>
      </symbol>
      <symbol id="sm-15d">
         <name>C$$EXIT</name>
         <value>0x11837120</value>
         <object_component_ref idref="oc-a0"/>
      </symbol>
      <symbol id="sm-15e">
         <name>abort</name>
         <value>0x11837120</value>
         <object_component_ref idref="oc-a0"/>
      </symbol>
      <symbol id="sm-15f">
         <name>exit</name>
         <value>0x11835d40</value>
         <object_component_ref idref="oc-60"/>
      </symbol>
      <symbol id="sm-160">
         <name>__TI_dtors_ptr</name>
         <value>0x11837898</value>
         <object_component_ref idref="oc-9d"/>
      </symbol>
      <symbol id="sm-161">
         <name>__TI_cleanup_ptr</name>
         <value>0x11837894</value>
         <object_component_ref idref="oc-9d"/>
      </symbol>
      <symbol id="sm-162">
         <name>__TI_enable_exit_profile_output</name>
         <value>0x1183789c</value>
         <object_component_ref idref="oc-9d"/>
      </symbol>
      <symbol id="sm-189">
         <name>__TI_closefile</name>
         <value>0x11834fc0</value>
         <object_component_ref idref="oc-182"/>
      </symbol>
      <symbol id="sm-18a">
         <name>fclose</name>
         <value>0x11836b40</value>
         <object_component_ref idref="oc-f4"/>
      </symbol>
      <symbol id="sm-199">
         <name>__TI_doflush</name>
         <value>0x11836240</value>
         <object_component_ref idref="oc-15b"/>
      </symbol>
      <symbol id="sm-1d5">
         <name>__TI_cleanup</name>
         <value>0x118366a0</value>
         <object_component_ref idref="oc-1b3"/>
      </symbol>
      <symbol id="sm-1d6">
         <name>fopen</name>
         <value>0x11835100</value>
         <object_component_ref idref="oc-d6"/>
      </symbol>
      <symbol id="sm-1f8">
         <name>fread</name>
         <value>0x118335c0</value>
         <object_component_ref idref="oc-dc"/>
      </symbol>
      <symbol id="sm-232">
         <name>fwrite</name>
         <value>0x11831f60</value>
         <object_component_ref idref="oc-e8"/>
      </symbol>
      <symbol id="sm-23b">
         <name>memcpy</name>
         <value>0x11836880</value>
         <object_component_ref idref="oc-36"/>
      </symbol>
      <symbol id="sm-2b0">
         <name>_sys_memory</name>
         <value>0x11f02330</value>
         <object_component_ref idref="oc-33"/>
      </symbol>
      <symbol id="sm-2b1">
         <name>free</name>
         <value>0x11832440</value>
         <object_component_ref idref="oc-24f"/>
      </symbol>
      <symbol id="sm-2b2">
         <name>malloc</name>
         <value>0x11834ba0</value>
         <object_component_ref idref="oc-274"/>
      </symbol>
      <symbol id="sm-2b3">
         <name>_minit</name>
         <value>0x118367e0</value>
         <object_component_ref idref="oc-304"/>
      </symbol>
      <symbol id="sm-2c3">
         <name>memset</name>
         <value>0x11835f00</value>
         <object_component_ref idref="oc-4e"/>
      </symbol>
      <symbol id="sm-2ef">
         <name>open</name>
         <value>0x11833ce0</value>
         <object_component_ref idref="oc-1b9"/>
      </symbol>
      <symbol id="sm-2f8">
         <name>_system_pre_init</name>
         <value>0x11837100</value>
         <object_component_ref idref="oc-66"/>
      </symbol>
      <symbol id="sm-31b">
         <name>printf</name>
         <value>0x11835fe0</value>
         <object_component_ref idref="oc-ee"/>
      </symbol>
      <symbol id="sm-32a">
         <name>read</name>
         <value>0x11836ea0</value>
         <object_component_ref idref="oc-145"/>
      </symbol>
      <symbol id="sm-340">
         <name>unlink</name>
         <value>0x11836c40</value>
         <object_component_ref idref="oc-25b"/>
      </symbol>
      <symbol id="sm-359">
         <name>_stream</name>
         <value>0x11837760</value>
         <object_component_ref idref="oc-1d2"/>
      </symbol>
      <symbol id="sm-35a">
         <name>_device</name>
         <value>0x11837800</value>
         <object_component_ref idref="oc-280"/>
      </symbol>
      <symbol id="sm-35b">
         <name>write</name>
         <value>0x11836f00</value>
         <object_component_ref idref="oc-161"/>
      </symbol>
      <symbol id="sm-371">
         <name>__TI_buff_read</name>
         <value>0x11834e80</value>
         <object_component_ref idref="oc-13a"/>
      </symbol>
      <symbol id="sm-38c">
         <name>__TI_wrt_ok</name>
         <value>0x118356c0</value>
         <object_component_ref idref="oc-155"/>
      </symbol>
      <symbol id="sm-38d">
         <name>__TI_rd_ok</name>
         <value>0x11836740</value>
         <object_component_ref idref="oc-134"/>
      </symbol>
      <symbol id="sm-3a3">
         <name>_nop</name>
         <value>0x11837080</value>
         <object_component_ref idref="oc-1a2"/>
      </symbol>
      <symbol id="sm-3a4">
         <name>_lock</name>
         <value>0x118378a8</value>
         <object_component_ref idref="oc-11f"/>
      </symbol>
      <symbol id="sm-3a5">
         <name>_unlock</name>
         <value>0x118378ac</value>
         <object_component_ref idref="oc-129"/>
      </symbol>
      <symbol id="sm-576">
         <name>__TI_printfi</name>
         <value>0x1182e000</value>
         <object_component_ref idref="oc-17a"/>
      </symbol>
      <symbol id="sm-588">
         <name>_args_main</name>
         <value>0x11837020</value>
         <object_component_ref idref="oc-5a"/>
      </symbol>
      <symbol id="sm-59c">
         <name>atoi</name>
         <value>0x118357c0</value>
         <object_component_ref idref="oc-1ff"/>
      </symbol>
      <symbol id="sm-5c2">
         <name>_auto_init_elf</name>
         <value>0x11834d20</value>
         <object_component_ref idref="oc-6c"/>
      </symbol>
      <symbol id="sm-5d4">
         <name>close</name>
         <value>0x11835c60</value>
         <object_component_ref idref="oc-255"/>
      </symbol>
      <symbol id="sm-5eb">
         <name>copy_in</name>
         <value>0x118358c0</value>
         <object_component_ref idref="oc-a9"/>
      </symbol>
      <symbol id="sm-5f5">
         <name>_ctypes_</name>
         <value>0x11f02b30</value>
         <object_component_ref idref="oc-2a1"/>
      </symbol>
      <symbol id="sm-605">
         <name>__TI_tmpnams</name>
         <value>0x11f021e8</value>
      </symbol>
      <symbol id="sm-606">
         <name>_ftable</name>
         <value>0x11837580</value>
         <object_component_ref idref="oc-123"/>
      </symbol>
      <symbol id="sm-607">
         <name>__TI_ft_end</name>
         <value>0x118378b0</value>
         <object_component_ref idref="oc-126"/>
      </symbol>
      <symbol id="sm-626">
         <name>__c6xabi_divd</name>
         <value>0x118314a0</value>
         <object_component_ref idref="oc-2b5"/>
      </symbol>
      <symbol id="sm-62f">
         <name>__c6xabi_divu</name>
         <value>0x11836300</value>
         <object_component_ref idref="oc-140"/>
      </symbol>
      <symbol id="sm-630">
         <name>__divu</name>
         <value>0x11836300</value>
         <object_component_ref idref="oc-140"/>
      </symbol>
      <symbol id="sm-64e">
         <name>putc</name>
         <value>0x11833ac0</value>
         <object_component_ref idref="oc-1f1"/>
      </symbol>
      <symbol id="sm-64f">
         <name>fputc</name>
         <value>0x11833ac0</value>
         <object_component_ref idref="oc-1f1"/>
      </symbol>
      <symbol id="sm-67b">
         <name>fputs</name>
         <value>0x11832ca0</value>
         <object_component_ref idref="oc-1f8"/>
      </symbol>
      <symbol id="sm-68e">
         <name>__TI_frcmpyd_div</name>
         <value>0x11836f60</value>
         <object_component_ref idref="oc-35c"/>
      </symbol>
      <symbol id="sm-6a2">
         <name>frexpl</name>
         <value>0x118346c0</value>
         <object_component_ref idref="oc-2d0"/>
      </symbol>
      <symbol id="sm-6a3">
         <name>frexp</name>
         <value>0x118346c0</value>
         <object_component_ref idref="oc-2d0"/>
      </symbol>
      <symbol id="sm-6b8">
         <name>fseek</name>
         <value>0x11835380</value>
         <object_component_ref idref="oc-1e4"/>
      </symbol>
      <symbol id="sm-6e0">
         <name>finddevice</name>
         <value>0x11836bc0</value>
         <object_component_ref idref="oc-2fa"/>
      </symbol>
      <symbol id="sm-6e1">
         <name>getdevice</name>
         <value>0x11835240</value>
         <object_component_ref idref="oc-26c"/>
      </symbol>
      <symbol id="sm-6f1">
         <name>HOSTclose</name>
         <value>0x11836600</value>
         <object_component_ref idref="oc-313"/>
      </symbol>
      <symbol id="sm-701">
         <name>HOSTlseek</name>
         <value>0x118359c0</value>
         <object_component_ref idref="oc-325"/>
      </symbol>
      <symbol id="sm-715">
         <name>parmbuf</name>
         <value>0x11f02328</value>
      </symbol>
      <symbol id="sm-716">
         <name>HOSTopen</name>
         <value>0x11835aa0</value>
         <object_component_ref idref="oc-30d"/>
      </symbol>
      <symbol id="sm-726">
         <name>HOSTread</name>
         <value>0x118360c0</value>
         <object_component_ref idref="oc-319"/>
      </symbol>
      <symbol id="sm-744">
         <name>HOSTrename</name>
         <value>0x11834880</value>
         <object_component_ref idref="oc-331"/>
      </symbol>
      <symbol id="sm-757">
         <name>HOSTunlink</name>
         <value>0x11836180</value>
         <object_component_ref idref="oc-32b"/>
      </symbol>
      <symbol id="sm-767">
         <name>HOSTwrite</name>
         <value>0x11835b80</value>
         <object_component_ref idref="oc-31f"/>
      </symbol>
      <symbol id="sm-778">
         <name>__c6xabi_divul</name>
         <value>0x11834500</value>
         <object_component_ref idref="oc-2ad"/>
      </symbol>
      <symbol id="sm-794">
         <name>_subcull</name>
         <value>0x11836d80</value>
         <object_component_ref idref="oc-34c"/>
      </symbol>
      <symbol id="sm-795">
         <name>__c6xabi_divull</name>
         <value>0x11833860</value>
         <object_component_ref idref="oc-2a7"/>
      </symbol>
      <symbol id="sm-79e">
         <name>__c6xabi_isinf</name>
         <value>0x11836fa0</value>
         <object_component_ref idref="oc-211"/>
      </symbol>
      <symbol id="sm-7b2">
         <name>ldexpl</name>
         <value>0x11834a20</value>
         <object_component_ref idref="oc-2d6"/>
      </symbol>
      <symbol id="sm-7b3">
         <name>ldexp</name>
         <value>0x11834a20</value>
         <object_component_ref idref="oc-2d6"/>
      </symbol>
      <symbol id="sm-7cf">
         <name>__c6xabi_llshru</name>
         <value>0x11836d20</value>
         <object_component_ref idref="oc-352"/>
      </symbol>
      <symbol id="sm-7d0">
         <name>__c6xabi_llshl</name>
         <value>0x11836a40</value>
         <object_component_ref idref="oc-346"/>
      </symbol>
      <symbol id="sm-7df">
         <name>lseek</name>
         <value>0x11836de0</value>
         <object_component_ref idref="oc-291"/>
      </symbol>
      <symbol id="sm-7ef">
         <name>ltoa</name>
         <value>0x11835e20</value>
         <object_component_ref idref="oc-2bb"/>
      </symbol>
      <symbol id="sm-800">
         <name>memccpy</name>
         <value>0x11836e40</value>
         <object_component_ref idref="oc-22f"/>
      </symbol>
      <symbol id="sm-81a">
         <name>setvbuf</name>
         <value>0x11833f00</value>
         <object_component_ref idref="oc-1c7"/>
      </symbol>
      <symbol id="sm-823">
         <name>_system_post_cinit</name>
         <value>0x118370e0</value>
         <object_component_ref idref="oc-af"/>
      </symbol>
      <symbol id="sm-83c">
         <name>__TI_tls_init</name>
         <value>0x11836540</value>
         <object_component_ref idref="oc-b5"/>
      </symbol>
      <symbol id="sm-863">
         <name>__TI_readmsg</name>
         <value>0x118369c0</value>
         <object_component_ref idref="oc-397"/>
      </symbol>
      <symbol id="sm-864">
         <name>C$$IO$$</name>
         <value>0x11836d18</value>
         <object_component_ref idref="oc-391"/>
      </symbol>
      <symbol id="sm-865">
         <name>__CIOBUF_</name>
         <value>0x11f02c80</value>
         <object_component_ref idref="oc-3ce"/>
      </symbol>
      <symbol id="sm-866">
         <name>__TI_writemsg</name>
         <value>0x11836cc0</value>
         <object_component_ref idref="oc-391"/>
      </symbol>
      <symbol id="sm-877">
         <name>__errno</name>
         <value>0x118378b4</value>
         <object_component_ref idref="oc-3c3"/>
      </symbol>
      <symbol id="sm-878">
         <name>errno</name>
         <value>0x118378b4</value>
         <object_component_ref idref="oc-3c3"/>
      </symbol>
      <symbol id="sm-879">
         <name>__c6xabi_errno_addr</name>
         <value>0x11837060</value>
         <object_component_ref idref="oc-371"/>
      </symbol>
      <symbol id="sm-87a">
         <name>__TI_STATIC_BASE</name>
         <value>0x0</value>
      </symbol>
      <symbol id="sm-87c">
         <name>__TI_INITARRAY_Limit</name>
         <value>0x0</value>
      </symbol>
      <symbol id="sm-87d">
         <name>__TI_INITARRAY_Base</name>
         <value>0x0</value>
      </symbol>
      <symbol id="sm-87e">
         <name>__TI_TLS_INIT_Base</name>
         <value>0x0</value>
      </symbol>
      <symbol id="sm-87f">
         <name>__TI_TLS_INIT_Limit</name>
         <value>0x0</value>
      </symbol>
      <symbol id="sm-880">
         <name>remove</name>
         <value>0x11836c40</value>
      </symbol>
   </symbol_table>
   <title>Link successful</title>
</link_info>
